// Jest Snapshot v1, https://goo.gl/fbAQLP

exports[`LoadingSpinner rendering renders as expected 1`] = `ShallowWrapper {}`;
