// Jest Snapshot v1, https://goo.gl/fbAQLP

exports[`App rendering renders as expected 1`] = `ReactWrapper {}`;
